     233.9 ms  E tof2 init failed (no reply at 0x29 on SDA 18 / SCL 19)
    1000.2 ms  > T
    1200.3 ms  > S
    1400.3 ms  I bus1 scan: 0x29
    1400.3 ms  I tof1 id EE AA 10 (expect EE AA 10)
    1400.3 ms  I bus2 scan: (nothing)
    1400.3 ms  E tof2 id read failed
    1400.3 ms  I tof1 forward ok=1 mm=91 reinits=0
    1400.3 ms  I tof2 down ok=0 mm=-1 reinits=0
    1400.3 ms  I auto=1 ground=-1
    1400.3 ms  E tof2 init failed (no reply at 0x29 on SDA 18 / SCL 19)
    2243.0 ms  E tof2 init failed (no reply at 0x29 on SDA 18 / SCL 19)
    3249.0 ms  E tof2 init failed (no reply at 0x29 on SDA 18 / SCL 19)
    4259.0 ms  E tof2 init failed (no reply at 0x29 on SDA 18 / SCL 19)
    5268.0 ms  E tof2 init failed (no reply at 0x29 on SDA 18 / SCL 19)
    6273.0 ms  E tof2 init failed (no reply at 0x29 on SDA 18 / SCL 19)
    7278.0 ms  E tof2 init failed (no reply at 0x29 on SDA 18 / SCL 19)
    8284.0 ms  E tof2 init failed (no reply at 0x29 on SDA 18 / SCL 19)
    9293.1 ms  E tof2 init failed (no reply at 0x29 on SDA 18 / SCL 19)
   10298.1 ms  E tof2 init failed (no reply at 0x29 on SDA 18 / SCL 19)
   11303.1 ms  E tof2 init failed (no reply at 0x29 on SDA 18 / SCL 19)
   12309.1 ms  E tof2 init failed (no reply at 0x29 on SDA 18 / SCL 19)
   13319.1 ms  E tof2 init failed (no reply at 0x29 on SDA 18 / SCL 19)
   14328.1 ms  E tof2 init failed (no reply at 0x29 on SDA 18 / SCL 19)
   15333.1 ms  E tof2 init failed (no reply at 0x29 on SDA 18 / SCL 19)
   16339.1 ms  E tof2 init failed (no reply at 0x29 on SDA 18 / SCL 19)
   17349.2 ms  E tof2 init failed (no reply at 0x29 on SDA 18 / SCL 19)
   18359.2 ms  E tof2 init failed (no reply at 0x29 on SDA 18 / SCL 19)
   19368.2 ms  E tof2 init failed (no reply at 0x29 on SDA 18 / SCL 19)
   20373.2 ms  E tof2 init failed (no reply at 0x29 on SDA 18 / SCL 19)
   21378.2 ms  E tof2 init failed (no reply at 0x29 on SDA 18 / SCL 19)
   22384.2 ms  E tof2 init failed (no reply at 0x29 on SDA 18 / SCL 19)
   23393.2 ms  E tof2 init failed (no reply at 0x29 on SDA 18 / SCL 19)
   24398.2 ms  E tof2 init failed (no reply at 0x29 on SDA 18 / SCL 19)
   25403.2 ms  E tof2 init failed (no reply at 0x29 on SDA 18 / SCL 19)
   26409.3 ms  E tof2 init failed (no reply at 0x29 on SDA 18 / SCL 19)
   27418.3 ms  E tof2 init failed (no reply at 0x29 on SDA 18 / SCL 19)
   28423.3 ms  E tof2 init failed (no reply at 0x29 on SDA 18 / SCL 19)
   29428.3 ms  E tof2 init failed (no reply at 0x29 on SDA 18 / SCL 19)
   30434.3 ms  E tof2 init failed (no reply at 0x29 on SDA 18 / SCL 19)
   31444.4 ms  E tof2 init failed (no reply at 0x29 on SDA 18 / SCL 19)
   32453.3 ms  E tof2 init failed (no reply at 0x29 on SDA 18 / SCL 19)
   33458.4 ms  E tof2 init failed (no reply at 0x29 on SDA 18 / SCL 19)
   34464.4 ms  E tof2 init failed (no reply at 0x29 on SDA 18 / SCL 19)
   35474.4 ms  E tof2 init failed (no reply at 0x29 on SDA 18 / SCL 19)
   36484.4 ms  E tof2 init failed (no reply at 0x29 on SDA 18 / SCL 19)
   37493.4 ms  E tof2 init failed (no reply at 0x29 on SDA 18 / SCL 19)
   38498.4 ms  E tof2 init failed (no reply at 0x29 on SDA 18 / SCL 19)
   39503.4 ms  E tof2 init failed (no reply at 0x29 on SDA 18 / SCL 19)
   40509.4 ms  E tof2 init failed (no reply at 0x29 on SDA 18 / SCL 19)
   41518.5 ms  E tof2 init failed (no reply at 0x29 on SDA 18 / SCL 19)
   42523.5 ms  E tof2 init failed (no reply at 0x29 on SDA 18 / SCL 19)
   43528.5 ms  E tof2 init failed (no reply at 0x29 on SDA 18 / SCL 19)
   44534.5 ms  E tof2 init failed (no reply at 0x29 on SDA 18 / SCL 19)
   45544.5 ms  E tof2 init failed (no reply at 0x29 on SDA 18 / SCL 19)
   46553.5 ms  E tof2 init failed (no reply at 0x29 on SDA 18 / SCL 19)
   47558.5 ms  E tof2 init failed (no reply at 0x29 on SDA 18 / SCL 19)
   48563.5 ms  E tof2 init failed (no reply at 0x29 on SDA 18 / SCL 19)
   49569.5 ms  E tof2 init failed (no reply at 0x29 on SDA 18 / SCL 19)
   50579.5 ms  E tof2 init failed (no reply at 0x29 on SDA 18 / SCL 19)
   51588.6 ms  E tof2 init failed (no reply at 0x29 on SDA 18 / SCL 19)
   52593.6 ms  E tof2 init failed (no reply at 0x29 on SDA 18 / SCL 19)
   53598.6 ms  E tof2 init failed (no reply at 0x29 on SDA 18 / SCL 19)
   54604.6 ms  E tof2 init failed (no reply at 0x29 on SDA 18 / SCL 19)
   55614.6 ms  E tof2 init failed (no reply at 0x29 on SDA 18 / SCL 19)
   56623.6 ms  E tof2 init failed (no reply at 0x29 on SDA 18 / SCL 19)
   57628.6 ms  E tof2 init failed (no reply at 0x29 on SDA 18 / SCL 19)
   58633.6 ms  E tof2 init failed (no reply at 0x29 on SDA 18 / SCL 19)
   59639.6 ms  E tof2 init failed (no reply at 0x29 on SDA 18 / SCL 19)
