       4.6 ms  ets Jul 29 2019 12:21:46
       9.9 ms  rst:0x1 (POWERON_RESET),boot:0x13 (SPI_FAST_FLASH_BOOT)
      12.7 ms  configsip: 0, SPIWP:0xee
      18.2 ms  clk_drv:0x00,q_drv:0x00,d_drv:0x00,cs0_drv:0x00,hd_drv:0x00,wp_drv:0x00
      21.0 ms  mode:DIO, clock div:1
      23.8 ms  load:0x3fff0030,len:4876
      23.8 ms  ho 0 tail 12 room 4
      27.1 ms  load:0x40078000,len:16532
      29.9 ms  load:0x40080400,len:3500
      30.1 ms  entry 0x400805b4
     159.0 ms  I roles: forward=tof1 down=tof2
     168.5 ms  I cane_safety boot
     195.9 ms  I bus1 scan: 0x29
     302.8 ms  I bus2 scan: 0x29
     455.0 ms  E tof2 init failed (no reply at 0x29 on SDA 18 / SCL 19)
     456.6 ms  I ready tof1=1 tof2=0
    1017.8 ms  > T
    1217.9 ms  > S
    1417.9 ms  I bus1 scan: 0x29
    1417.9 ms  I tof1 id EE AA 10 (expect EE AA 10)
    1417.9 ms  I bus2 scan: (nothing)
    1417.9 ms  E tof2 id read failed
    1417.9 ms  E tof2 init failed (no reply at 0x29 on SDA 18 / SCL 19)
    1417.9 ms  I tof1 forward ok=1 mm=93 reinits=0
    1417.9 ms  I tof2 down ok=0 mm=-1 reinits=0
    1417.9 ms  I auto=1 ground=-1
    2176.9 ms  E tof2 init failed (no reply at 0x29 on SDA 18 / SCL 19)
    3185.9 ms  E tof2 init failed (no reply at 0x29 on SDA 18 / SCL 19)
    4190.9 ms  E tof2 init failed (no reply at 0x29 on SDA 18 / SCL 19)
    5195.9 ms  E tof2 init failed (no reply at 0x29 on SDA 18 / SCL 19)
    6202.0 ms  E tof2 init failed (no reply at 0x29 on SDA 18 / SCL 19)
    7212.0 ms  E tof2 init failed (no reply at 0x29 on SDA 18 / SCL 19)
    8221.0 ms  E tof2 init failed (no reply at 0x29 on SDA 18 / SCL 19)
    9226.0 ms  E tof2 init failed (no reply at 0x29 on SDA 18 / SCL 19)
   10231.0 ms  E tof2 init failed (no reply at 0x29 on SDA 18 / SCL 19)
   11237.0 ms  E tof2 init failed (no reply at 0x29 on SDA 18 / SCL 19)
