20:22:52.742  START disk=1 expected=31914983424 out=E:\Work\new smart cane 2.0\backups\sd_2026-10-02.img
20:22:53.748  disk: 'Mass Storage Device' bus=USB size=31914983424 style=MBR boot=False system=False
20:24:27.486    5%  1598029824 bytes  16.3 MB/s
20:26:01.867   10%  3191865344 bytes  16.2 MB/s
20:27:37.360   15%  4789895168 bytes  16.1 MB/s
20:29:13.473   20%  6383730688 bytes  16.0 MB/s
20:30:51.047   25%  7981760512 bytes  16.0 MB/s
20:32:27.392   30%  9575596032 bytes  15.9 MB/s
20:34:00.774   35%  11173625856 bytes  16.0 MB/s
20:35:33.323   40%  12767461376 bytes  16.0 MB/s
20:37:07.617   45%  14365491200 bytes  16.0 MB/s
20:38:40.018   50%  15959326720 bytes  16.1 MB/s
20:40:13.243   55%  17557356544 bytes  16.1 MB/s
20:41:54.381   60%  19151192064 bytes  16.0 MB/s
20:43:26.733   65%  20745027584 bytes  16.0 MB/s
20:44:58.097   70%  22343057408 bytes  16.1 MB/s
20:46:32.589   75%  23936892928 bytes  16.1 MB/s
20:48:07.009   80%  25534922752 bytes  16.1 MB/s
20:49:43.329   85%  27128758272 bytes  16.1 MB/s
20:51:18.449   90%  28726788096 bytes  16.1 MB/s
20:52:54.203   95%  30320623616 bytes  16.1 MB/s
20:54:30.736  100%  31914983424 bytes  16.0 MB/s
20:54:31.035  read 31914983424 bytes in 1,897 s
20:54:31.051  SHA256 ceeda80651b3510b41bcd2d9409a7fb5c2f2a8188efb9adf497663593a0960cb
20:54:31.051  DONE
